content from template_1 before
content from template_1_1 before
content from template_2 before

content from template_2 after

content from template_1_1 after

content from template_1 after
